Archive member included to satisfy reference by file (symbol)

/home/ygalanter/.pebble-sdk/SDKs/current/sdk-core/pebble/aplite/lib/libpebble.a(tmp7jpKUopebble.o)
                              src/c/flip_clock.c.57.o (app_event_loop)
/home/ygalanter/.pebble-sdk/SDKs/4.33.1/toolchain/arm-none-eabi/bin/../lib/gcc/arm-none-eabi/14.2.1/../../../../arm-none-eabi/lib/thumb/v7-m/nofp/libc.a(libc_a-atexit.o)
                              /home/ygalanter/.pebble-sdk/SDKs/4.33.1/toolchain/arm-none-eabi/bin/../lib/gcc/arm-none-eabi/14.2.1/../../../../arm-none-eabi/lib/thumb/v7-m/nofp/crt0.o (atexit)
/home/ygalanter/.pebble-sdk/SDKs/4.33.1/toolchain/arm-none-eabi/bin/../lib/gcc/arm-none-eabi/14.2.1/../../../../arm-none-eabi/lib/thumb/v7-m/nofp/libc.a(libc_a-exit.o)
                              /home/ygalanter/.pebble-sdk/SDKs/4.33.1/toolchain/arm-none-eabi/bin/../lib/gcc/arm-none-eabi/14.2.1/../../../../arm-none-eabi/lib/thumb/v7-m/nofp/crt0.o (exit)
/home/ygalanter/.pebble-sdk/SDKs/4.33.1/toolchain/arm-none-eabi/bin/../lib/gcc/arm-none-eabi/14.2.1/../../../../arm-none-eabi/lib/thumb/v7-m/nofp/libc.a(libc_a-findfp.o)
                              /home/ygalanter/.pebble-sdk/SDKs/4.33.1/toolchain/arm-none-eabi/bin/../lib/gcc/arm-none-eabi/14.2.1/../../../../arm-none-eabi/lib/thumb/v7-m/nofp/libc.a(libc_a-exit.o) (__stdio_exit_handler)
/home/ygalanter/.pebble-sdk/SDKs/4.33.1/toolchain/arm-none-eabi/bin/../lib/gcc/arm-none-eabi/14.2.1/../../../../arm-none-eabi/lib/thumb/v7-m/nofp/libc.a(libc_a-fwalk.o)
                              /home/ygalanter/.pebble-sdk/SDKs/4.33.1/toolchain/arm-none-eabi/bin/../lib/gcc/arm-none-eabi/14.2.1/../../../../arm-none-eabi/lib/thumb/v7-m/nofp/libc.a(libc_a-findfp.o) (_fwalk_sglue)
/home/ygalanter/.pebble-sdk/SDKs/4.33.1/toolchain/arm-none-eabi/bin/../lib/gcc/arm-none-eabi/14.2.1/../../../../arm-none-eabi/lib/thumb/v7-m/nofp/libc.a(libc_a-stdio.o)
                              /home/ygalanter/.pebble-sdk/SDKs/4.33.1/toolchain/arm-none-eabi/bin/../lib/gcc/arm-none-eabi/14.2.1/../../../../arm-none-eabi/lib/thumb/v7-m/nofp/libc.a(libc_a-findfp.o) (__sread)
/home/ygalanter/.pebble-sdk/SDKs/4.33.1/toolchain/arm-none-eabi/bin/../lib/gcc/arm-none-eabi/14.2.1/../../../../arm-none-eabi/lib/thumb/v7-m/nofp/libc.a(libc_a-closer.o)
                              /home/ygalanter/.pebble-sdk/SDKs/4.33.1/toolchain/arm-none-eabi/bin/../lib/gcc/arm-none-eabi/14.2.1/../../../../arm-none-eabi/lib/thumb/v7-m/nofp/libc.a(libc_a-stdio.o) (_close_r)
/home/ygalanter/.pebble-sdk/SDKs/4.33.1/toolchain/arm-none-eabi/bin/../lib/gcc/arm-none-eabi/14.2.1/../../../../arm-none-eabi/lib/thumb/v7-m/nofp/libc.a(libc_a-reent.o)
                              /home/ygalanter/.pebble-sdk/SDKs/4.33.1/toolchain/arm-none-eabi/bin/../lib/gcc/arm-none-eabi/14.2.1/../../../../arm-none-eabi/lib/thumb/v7-m/nofp/libc.a(libc_a-closer.o) (errno)
/home/ygalanter/.pebble-sdk/SDKs/4.33.1/toolchain/arm-none-eabi/bin/../lib/gcc/arm-none-eabi/14.2.1/../../../../arm-none-eabi/lib/thumb/v7-m/nofp/libc.a(libc_a-impure.o)
                              /home/ygalanter/.pebble-sdk/SDKs/4.33.1/toolchain/arm-none-eabi/bin/../lib/gcc/arm-none-eabi/14.2.1/../../../../arm-none-eabi/lib/thumb/v7-m/nofp/libc.a(libc_a-reent.o) (_impure_ptr)
/home/ygalanter/.pebble-sdk/SDKs/4.33.1/toolchain/arm-none-eabi/bin/../lib/gcc/arm-none-eabi/14.2.1/../../../../arm-none-eabi/lib/thumb/v7-m/nofp/libc.a(libc_a-lseekr.o)
                              /home/ygalanter/.pebble-sdk/SDKs/4.33.1/toolchain/arm-none-eabi/bin/../lib/gcc/arm-none-eabi/14.2.1/../../../../arm-none-eabi/lib/thumb/v7-m/nofp/libc.a(libc_a-stdio.o) (_lseek_r)
/home/ygalanter/.pebble-sdk/SDKs/4.33.1/toolchain/arm-none-eabi/bin/../lib/gcc/arm-none-eabi/14.2.1/../../../../arm-none-eabi/lib/thumb/v7-m/nofp/libc.a(libc_a-readr.o)
                              /home/ygalanter/.pebble-sdk/SDKs/4.33.1/toolchain/arm-none-eabi/bin/../lib/gcc/arm-none-eabi/14.2.1/../../../../arm-none-eabi/lib/thumb/v7-m/nofp/libc.a(libc_a-stdio.o) (_read_r)
/home/ygalanter/.pebble-sdk/SDKs/4.33.1/toolchain/arm-none-eabi/bin/../lib/gcc/arm-none-eabi/14.2.1/../../../../arm-none-eabi/lib/thumb/v7-m/nofp/libc.a(libc_a-writer.o)
                              /home/ygalanter/.pebble-sdk/SDKs/4.33.1/toolchain/arm-none-eabi/bin/../lib/gcc/arm-none-eabi/14.2.1/../../../../arm-none-eabi/lib/thumb/v7-m/nofp/libc.a(libc_a-stdio.o) (_write_r)
/home/ygalanter/.pebble-sdk/SDKs/4.33.1/toolchain/arm-none-eabi/bin/../lib/gcc/arm-none-eabi/14.2.1/../../../../arm-none-eabi/lib/thumb/v7-m/nofp/libc.a(libc_a-init.o)
                              /home/ygalanter/.pebble-sdk/SDKs/4.33.1/toolchain/arm-none-eabi/bin/../lib/gcc/arm-none-eabi/14.2.1/../../../../arm-none-eabi/lib/thumb/v7-m/nofp/crt0.o (__libc_init_array)
/home/ygalanter/.pebble-sdk/SDKs/4.33.1/toolchain/arm-none-eabi/bin/../lib/gcc/arm-none-eabi/14.2.1/../../../../arm-none-eabi/lib/thumb/v7-m/nofp/libc.a(libc_a-fini.o)
[...]
Memory Configuration

Name             Origin             Length             Attributes
APP              0x00000000         0x00006000         xrw
*default*        0x00000000         0xffffffff

Linker script and memory map

LOAD /home/ygalanter/.pebble-sdk/SDKs/4.33.1/toolchain/arm-none-eabi/bin/../lib/gcc/arm-none-eabi/14.2.1/thumb/v7-m/nofp/crti.o
LOAD /home/ygalanter/.pebble-sdk/SDKs/4.33.1/toolchain/arm-none-eabi/bin/../lib/gcc/arm-none-eabi/14.2.1/thumb/v7-m/nofp/crtbegin.o
LOAD /home/ygalanter/.pebble-sdk/SDKs/4.33.1/toolchain/arm-none-eabi/bin/../lib/gcc/arm-none-eabi/14.2.1/../../../../arm-none-eabi/lib/thumb/v7-m/nofp/crt0.o
LOAD src/c/flip_clock.c.57.o
LOAD src/c/flip_layer.c.57.o
LOAD src/c/flip_layer_extention.c.57.o
LOAD src/c/gbitmap_color_palette_manipulator.c.57.o
LOAD src/c/gbitmat_tools.c.57.o
LOAD aplite/appinfo.auto.c.57.o
LOAD aplite/src/resource_ids.auto.c.57.o
LOAD src/message_keys.auto.c.57.o
LOAD /home/ygalanter/.pebble-sdk/SDKs/current/sdk-core/pebble/aplite/lib/libpebble.a
LOAD /home/ygalanter/Documents/Github/BIG_FLIP_CLOCK/node_modules/@rebble/clay/dist/binaries/aplite/@rebble/libclay.a
START GROUP
LOAD /home/ygalanter/.pebble-sdk/SDKs/4.33.1/toolchain/arm-none-eabi/bin/../lib/gcc/arm-none-eabi/14.2.1/thumb/v7-m/nofp/libgcc.a
LOAD /home/ygalanter/.pebble-sdk/SDKs/4.33.1/toolchain/arm-none-eabi/bin/../lib/gcc/arm-none-eabi/14.2.1/../../../../arm-none-eabi/lib/thumb/v7-m/nofp/libc.a
END GROUP
LOAD /home/ygalanter/.pebble-sdk/SDKs/4.33.1/toolchain/arm-none-eabi/bin/../lib/gcc/arm-none-eabi/14.2.1/thumb/v7-m/nofp/crtend.o
LOAD /home/ygalanter/.pebble-sdk/SDKs/4.33.1/toolchain/arm-none-eabi/bin/../lib/gcc/arm-none-eabi/14.2.1/thumb/v7-m/nofp/crtn.o

.header         0x00000000       0x82
 *(.pbl_header)
 .pbl_header    0x00000000       0x82 aplite/appinfo.auto.c.57.o
                0x00000000                __pbl_app_info

.note.gnu.build-id
                0x00000082       0x26
                [!provide]                        PROVIDE (BUILD_ID = .)
 *(.note.gnu.build-id)
 *fill*         0x00000082        0x2 
 .note.gnu.build-id
                0x00000084       0x24 linker stubs

.text           0x000000a8     0x1451
 *(.text)
 .text          0x000000a8       0x14 /home/ygalanter/.pebble-sdk/SDKs/current/sdk-core/pebble/aplite/lib/libpebble.a(tmp7jpKUopebble.o)
 *(.text.*)
 .text.battery_rect
                0x000000bc       0x40 src/c/flip_clock.c.57.o
 .text.set_date_dow_coords
                0x000000fc       0x3c src/c/flip_clock.c.57.o
 .text.persist_bool_or
                0x00000138       0x1a src/c/flip_clock.c.57.o
 *fill*         0x00000152        0x2 
 .text.update_bt_line
                0x00000154       0x8c src/c/flip_clock.c.57.o
 .text.tuple_to_int
                0x000001e0       0x28 src/c/flip_clock.c.57.o
 .text.in_recv_handler
                0x00000208      0x294 src/c/flip_clock.c.57.o
 .text.handle_minute_tick
                0x0000049c       0xe4 src/c/flip_clock.c.57.o
 .text.window_unload
                0x00000580       0x58 src/c/flip_clock.c.57.o
 .text.window_load
                0x000005d8      0x24c src/c/flip_clock.c.57.o
 .text.bluetoothLayer_update_callback
                0x00000824       0x40 src/c/flip_clock.c.57.o
 .text.batteryLayer_update_callback
                0x00000864       0xa0 src/c/flip_clock.c.57.o
 .text.display_bt_layer
                0x00000904       0x1a src/c/flip_clock.c.57.o
                0x00000904                display_bt_layer
 *fill*         0x0000091e        0x2 
 .text.startup.main
                0x00000920      0x168 src/c/flip_clock.c.57.o
                0x00000920                main
 .text.animation_stopped
                0x00000a88       0xa4 src/c/flip_layer.c.57.o
                0x00000a88                animation_stopped
 .text.animation_started
                0x00000b2c       0x76 src/c/flip_layer.c.57.o
 *fill*         0x00000ba2        0x2 
 .text.animationUpdate
                0x00000ba4       0x9c src/c/flip_layer.c.57.o
 .text.layer_update_callback
                0x00000c40      0x1a8 src/c/flip_layer.c.57.o
 .text.flip_layer_get_layer
                0x00000de8        0x4 src/c/flip_layer.c.57.o
                0x00000de8                flip_layer_get_layer
 .text.flip_layer_animate_to
                0x00000dec       0x24 src/c/flip_layer.c.57.o
                0x00000dec                flip_layer_animate_to
 .text.flip_layer_create
                0x00000e10       0x8c src/c/flip_layer.c.57.o
                0x00000e10                flip_layer_create
 .text.flip_layer_destroy
                0x00000e9c       0x44 src/c/flip_layer.c.57.o
                0x00000e9c                flip_layer_destroy
 .text.flip_layer_set_images
                0x00000ee0       0x22 src/c/flip_layer.c.57.o
                0x00000ee0                flip_layer_set_images
 .text.flip_layer_apply_colors
                0x00000f02       0x4c src/c/flip_layer.c.57.o
                0x00000f02                flip_layer_apply_colors
 *fill*         0x00000f4e        0x2 
 .text.scaleBitmap
                0x00000f50      0x248 src/c/gbitmat_tools.c.57.o
                0x00000f50                scaleBitmap
 .text.app_event_loop
                0x00001198        0xc /home/ygalanter/.pebble-sdk/SDKs/current/sdk-core/pebble/aplite/lib/libpebble.a(tmp7jpKUopebble.o)
                0x00001198                app_event_loop
 .text.app_message_deregister_callbacks
                0x000011a4        0xc /home/ygalanter/.pebble-sdk/SDKs/current/sdk-core/pebble/aplite/lib/libpebble.a(tmp7jpKUopebble.o)
                0x000011a4                app_message_deregister_callbacks
 .text.app_message_open
                0x000011b0        0xc /home/ygalanter/.pebble-sdk/SDKs/current/sdk-core/pebble/aplite/lib/libpebble.a(tmp7jpKUopebble.o)
                0x000011b0                app_message_open
 .text.atoi     0x000011bc        0xc /home/ygalanter/.pebble-sdk/SDKs/current/sdk-core/pebble/aplite/lib/libpebble.a(tmp7jpKUopebble.o)
                0x000011bc                atoi
 .text.battery_state_service_peek
                0x000011c8        0xc /home/ygalanter/.pebble-sdk/SDKs/current/sdk-core/pebble/aplite/lib/libpebble.a(tmp7jpKUopebble.o)
                0x000011c8                battery_state_service_peek
 .text.clock_is_24h_style
                0x000011d4        0xc /home/ygalanter/.pebble-sdk/SDKs/current/sdk-core/pebble/aplite/lib/libpebble.a(tmp7jpKUopebble.o)
                0x000011d4                clock_is_24h_style
 .text.dict_find
                0x000011e0        0xc /home/ygalanter/.pebble-sdk/SDKs/current/sdk-core/pebble/aplite/lib/libpebble.a(tmp7jpKUopebble.o)
                0x000011e0                dict_find
 .text.fonts_load_custom_font
                0x000011ec        0xc /home/ygalanter/.pebble-sdk/SDKs/current/sdk-core/pebble/aplite/lib/libpebble.a(tmp7jpKUopebble.o)
                0x000011ec                fonts_load_custom_font
 .text.free     0x000011f8        0xc /home/ygalanter/.pebble-sdk/SDKs/current/sdk-core/pebble/aplite/lib/libpebble.a(tmp7jpKUopebble.o)
                0x000011f8                free
 .text.gbitmap_create_with_resource
                0x00001204        0xc /home/ygalanter/.pebble-sdk/SDKs/current/sdk-core/pebble/aplite/lib/libpebble.a(tmp7jpKUopebble.o)
                0x00001204                gbitmap_create_with_resource
 .text.gbitmap_destroy
                0x00001210        0xc /home/ygalanter/.pebble-sdk/SDKs/current/sdk-core/pebble/aplite/lib/libpebble.a(tmp7jpKUopebble.o)
                0x00001210                gbitmap_destroy
 .text.graphics_draw_bitmap_in_rect
                0x0000121c        0xc /home/ygalanter/.pebble-sdk/SDKs/current/sdk-core/pebble/aplite/lib/libpebble.a(tmp7jpKUopebble.o)
                0x0000121c                graphics_draw_bitmap_in_rect
 .text.graphics_draw_line
                0x00001228        0xc /home/ygalanter/.pebble-sdk/SDKs/current/sdk-core/pebble/aplite/lib/libpebble.a(tmp7jpKUopebble.o)
                0x00001228                graphics_draw_line
 .text.graphics_draw_rect
                0x00001234        0xc /home/ygalanter/.pebble-sdk/SDKs/current/sdk-core/pebble/aplite/lib/libpebble.a(tmp7jpKUopebble.o)
                0x00001234                graphics_draw_rect
 .text.graphics_fill_rect
                0x00001240        0xc /home/ygalanter/.pebble-sdk/SDKs/current/sdk-core/pebble/aplite/lib/libpebble.a(tmp7jpKUopebble.o)
                0x00001240                graphics_fill_rect
 .text.layer_add_child
                0x0000124c        0xc /home/ygalanter/.pebble-sdk/SDKs/current/sdk-core/pebble/aplite/lib/libpebble.a(tmp7jpKUopebble.o)
                0x0000124c                layer_add_child
 .text.layer_create
                0x00001258        0xc /home/ygalanter/.pebble-sdk/SDKs/current/sdk-core/pebble/aplite/lib/libpebble.a(tmp7jpKUopebble.o)
                0x00001258                layer_create
 .text.layer_create_with_data
                0x00001264        0xc /home/ygalanter/.pebble-sdk/SDKs/current/sdk-core/pebble/aplite/lib/libpebble.a(tmp7jpKUopebble.o)
                0x00001264                layer_create_with_data
 .text.layer_destroy
                0x00001270        0xc /home/ygalanter/.pebble-sdk/SDKs/current/sdk-core/pebble/aplite/lib/libpebble.a(tmp7jpKUopebble.o)
                0x00001270                layer_destroy
 .text.layer_get_bounds
                0x0000127c        0xc /home/ygalanter/.pebble-sdk/SDKs/current/sdk-core/pebble/aplite/lib/libpebble.a(tmp7jpKUopebble.o)
                0x0000127c                layer_get_bounds
 .text.layer_get_data
                0x00001288        0xc /home/ygalanter/.pebble-sdk/SDKs/current/sdk-core/pebble/aplite/lib/libpebble.a(tmp7jpKUopebble.o)
                0x00001288                layer_get_data
 .text.layer_mark_dirty
                0x00001294        0xc /home/ygalanter/.pebble-sdk/SDKs/current/sdk-core/pebble/aplite/lib/libpebble.a(tmp7jpKUopebble.o)
                0x00001294                layer_mark_dirty
 .text.layer_set_frame
                0x000012a0        0xc /home/ygalanter/.pebble-sdk/SDKs/current/sdk-core/pebble/aplite/lib/libpebble.a(tmp7jpKUopebble.o)
                0x000012a0                layer_set_frame
 .text.layer_set_update_proc
                0x000012ac        0xc /home/ygalanter/.pebble-sdk/SDKs/current/sdk-core/pebble/aplite/lib/libpebble.a(tmp7jpKUopebble.o)
                0x000012ac                layer_set_update_proc
 .text.malloc   0x000012b8        0xc /home/ygalanter/.pebble-sdk/SDKs/current/sdk-core/pebble/aplite/lib/libpebble.a(tmp7jpKUopebble.o)
                0x000012b8                malloc
 .text.memcpy   0x000012c4        0xc /home/ygalanter/.pebble-sdk/SDKs/current/sdk-core/pebble/aplite/lib/libpebble.a(tmp7jpKUopebble.o)
                0x000012c4                memcpy
 .text.persist_exists
                0x000012d0        0xc /home/ygalanter/.pebble-sdk/SDKs/current/sdk-core/pebble/aplite/lib/libpebble.a(tmp7jpKUopebble.o)
                0x000012d0                persist_exists
 .text.persist_read_bool
                0x000012dc        0xc /home/ygalanter/.pebble-sdk/SDKs/current/sdk-core/pebble/aplite/lib/libpebble.a(tmp7jpKUopebble.o)
                0x000012dc                persist_read_bool
 .text.persist_read_int
                0x000012e8        0xc /home/ygalanter/.pebble-sdk/SDKs/current/sdk-core/pebble/aplite/lib/libpebble.a(tmp7jpKUopebble.o)
                0x000012e8                persist_read_int
 .text.persist_write_bool
                0x000012f4        0xc /home/ygalanter/.pebble-sdk/SDKs/current/sdk-core/pebble/aplite/lib/libpebble.a(tmp7jpKUopebble.o)
                0x000012f4                persist_write_bool
 .text.persist_write_int
                0x00001300        0xc /home/ygalanter/.pebble-sdk/SDKs/current/sdk-core/pebble/aplite/lib/libpebble.a(tmp7jpKUopebble.o)
                0x00001300                persist_write_int
 .text.resource_get_handle
                0x0000130c        0xc /home/ygalanter/.pebble-sdk/SDKs/current/sdk-core/pebble/aplite/lib/libpebble.a(tmp7jpKUopebble.o)
                0x0000130c                resource_get_handle
 .text.strcat   0x00001318        0xc /home/ygalanter/.pebble-sdk/SDKs/current/sdk-core/pebble/aplite/lib/libpebble.a(tmp7jpKUopebble.o)
                0x00001318                strcat
 .text.strftime
                0x00001324        0xc /home/ygalanter/.pebble-sdk/SDKs/current/sdk-core/pebble/aplite/lib/libpebble.a(tmp7jpKUopebble.o)
                0x00001324                strftime
 .text.tick_timer_service_subscribe
                0x00001330        0xc /home/ygalanter/.pebble-sdk/SDKs/current/sdk-core/pebble/aplite/lib/libpebble.a(tmp7jpKUopebble.o)
                0x00001330                tick_timer_service_subscribe
 .text.vibes_double_pulse
                0x0000133c        0xc /home/ygalanter/.pebble-sdk/SDKs/current/sdk-core/pebble/aplite/lib/libpebble.a(tmp7jpKUopebble.o)
                0x0000133c                vibes_double_pulse
 .text.window_create
                0x00001348        0xc /home/ygalanter/.pebble-sdk/SDKs/current/sdk-core/pebble/aplite/lib/libpebble.a(tmp7jpKUopebble.o)
                0x00001348                window_create
 .text.window_destroy
                0x00001354        0xc /home/ygalanter/.pebble-sdk/SDKs/current/sdk-core/pebble/aplite/lib/libpebble.a(tmp7jpKUopebble.o)
                0x00001354                window_destroy
 .text.window_get_root_layer
                0x00001360        0xc /home/ygalanter/.pebble-sdk/SDKs/current/sdk-core/pebble/aplite/lib/libpebble.a(tmp7jpKUopebble.o)
                0x00001360                window_get_root_layer
 .text.window_set_window_handlers
                0x0000136c        0xc /home/ygalanter/.pebble-sdk/SDKs/current/sdk-core/pebble/aplite/lib/libpebble.a(tmp7jpKUopebble.o)
                0x0000136c                window_set_window_handlers
 .text.window_stack_push
                0x00001378        0xc /home/ygalanter/.pebble-sdk/SDKs/current/sdk-core/pebble/aplite/lib/libpebble.a(tmp7jpKUopebble.o)
                0x00001378                window_stack_push
 .text.app_message_register_inbox_received
                0x00001384        0xc /home/ygalanter/.pebble-sdk/SDKs/current/sdk-core/pebble/aplite/lib/libpebble.a(tmp7jpKUopebble.o)
                0x00001384                app_message_register_inbox_received
 .text.setlocale
                0x00001390        0xc /home/ygalanter/.pebble-sdk/SDKs/current/sdk-core/pebble/aplite/lib/libpebble.a(tmp7jpKUopebble.o)
                0x00001390                setlocale
 .text.graphics_context_set_fill_color
                0x0000139c        0xc /home/ygalanter/.pebble-sdk/SDKs/current/sdk-core/pebble/aplite/lib/libpebble.a(tmp7jpKUopebble.o)
                0x0000139c                graphics_context_set_fill_color
 .text.graphics_context_set_stroke_color
                0x000013a8        0xc /home/ygalanter/.pebble-sdk/SDKs/current/sdk-core/pebble/aplite/lib/libpebble.a(tmp7jpKUopebble.o)
                0x000013a8                graphics_context_set_stroke_color
 .text.window_set_background_color
                0x000013b4        0xc /home/ygalanter/.pebble-sdk/SDKs/current/sdk-core/pebble/aplite/lib/libpebble.a(tmp7jpKUopebble.o)
                0x000013b4                window_set_background_color
 .text.animation_create
                0x000013c0        0xc /home/ygalanter/.pebble-sdk/SDKs/current/sdk-core/pebble/aplite/lib/libpebble.a(tmp7jpKUopebble.o)
                0x000013c0                animation_create
 .text.animation_get_context
                0x000013cc        0xc /home/ygalanter/.pebble-sdk/SDKs/current/sdk-core/pebble/aplite/lib/libpebble.a(tmp7jpKUopebble.o)
                0x000013cc                animation_get_context
 .text.animation_schedule
                0x000013d8        0xc /home/ygalanter/.pebble-sdk/SDKs/current/sdk-core/pebble/aplite/lib/libpebble.a(tmp7jpKUopebble.o)
                0x000013d8                animation_schedule
 .text.animation_set_duration
                0x000013e4        0xc /home/ygalanter/.pebble-sdk/SDKs/current/sdk-core/pebble/aplite/lib/libpebble.a(tmp7jpKUopebble.o)
                0x000013e4                animation_set_duration
 .text.animation_set_handlers
                0x000013f0        0xc /home/ygalanter/.pebble-sdk/SDKs/current/sdk-core/pebble/aplite/lib/libpebble.a(tmp7jpKUopebble.o)
                0x000013f0                animation_set_handlers
 .text.animation_set_implementation
                0x000013fc        0xc /home/ygalanter/.pebble-sdk/SDKs/current/sdk-core/pebble/aplite/lib/libpebble.a(tmp7jpKUopebble.o)
                0x000013fc                animation_set_implementation
 .text.animation_unschedule
                0x00001408        0xc /home/ygalanter/.pebble-sdk/SDKs/current/sdk-core/pebble/aplite/lib/libpebble.a(tmp7jpKUopebble.o)
                0x00001408                animation_unschedule
 .text.gbitmap_create_blank_with_palette
                0x00001414        0xc /home/ygalanter/.pebble-sdk/SDKs/current/sdk-core/pebble/aplite/lib/libpebble.a(tmp7jpKUopebble.o)
                0x00001414                gbitmap_create_blank_with_palette
 .text.gbitmap_get_bounds
                0x00001420        0xc /home/ygalanter/.pebble-sdk/SDKs/current/sdk-core/pebble/aplite/lib/libpebble.a(tmp7jpKUopebble.o)
                0x00001420                gbitmap_get_bounds
 .text.gbitmap_get_bytes_per_row
                0x0000142c        0xc /home/ygalanter/.pebble-sdk/SDKs/current/sdk-core/pebble/aplite/lib/libpebble.a(tmp7jpKUopebble.o)
                0x0000142c                gbitmap_get_bytes_per_row
 .text.gbitmap_get_data
                0x00001438        0xc /home/ygalanter/.pebble-sdk/SDKs/current/sdk-core/pebble/aplite/lib/libpebble.a(tmp7jpKUopebble.o)
                0x00001438                gbitmap_get_data
 .text.gbitmap_get_format
                0x00001444        0xc /home/ygalanter/.pebble-sdk/SDKs/current/sdk-core/pebble/aplite/lib/libpebble.a(tmp7jpKUopebble.o)
                0x00001444                gbitmap_get_format
 .text.gbitmap_get_palette
                0x00001450        0xc /home/ygalanter/.pebble-sdk/SDKs/current/sdk-core/pebble/aplite/lib/libpebble.a(tmp7jpKUopebble.o)
                0x00001450                gbitmap_get_palette
 .text.text_layer_create
                0x0000145c        0xc /home/ygalanter/.pebble-sdk/SDKs/current/sdk-core/pebble/aplite/lib/libpebble.a(tmp7jpKUopebble.o)
                0x0000145c                text_layer_create
 .text.text_layer_destroy
                0x00001468        0xc /home/ygalanter/.pebble-sdk/SDKs/current/sdk-core/pebble/aplite/lib/libpebble.a(tmp7jpKUopebble.o)
                0x00001468                text_layer_destroy
 .text.text_layer_get_layer
                0x00001474        0xc /home/ygalanter/.pebble-sdk/SDKs/current/sdk-core/pebble/aplite/lib/libpebble.a(tmp7jpKUopebble.o)
                0x00001474                text_layer_get_layer
 .text.text_layer_set_background_color
                0x00001480        0xc /home/ygalanter/.pebble-sdk/SDKs/current/sdk-core/pebble/aplite/lib/libpebble.a(tmp7jpKUopebble.o)
                0x00001480                text_layer_set_background_color
 .text.text_layer_set_font
                0x0000148c        0xc /home/ygalanter/.pebble-sdk/SDKs/current/sdk-core/pebble/aplite/lib/libpebble.a(tmp7jpKUopebble.o)
                0x0000148c                text_layer_set_font
 .text.text_layer_set_text
                0x00001498        0xc /home/ygalanter/.pebble-sdk/SDKs/current/sdk-core/pebble/aplite/lib/libpebble.a(tmp7jpKUopebble.o)
                0x00001498                text_layer_set_text
 .text.text_layer_set_text_alignment
                0x000014a4        0xc /home/ygalanter/.pebble-sdk/SDKs/current/sdk-core/pebble/aplite/lib/libpebble.a(tmp7jpKUopebble.o)
                0x000014a4                text_layer_set_text_alignment
 .text.text_layer_set_text_color
                0x000014b0        0xc /home/ygalanter/.pebble-sdk/SDKs/current/sdk-core/pebble/aplite/lib/libpebble.a(tmp7jpKUopebble.o)
                0x000014b0                text_layer_set_text_color
 .text.connection_service_peek_pebble_app_connection
                0x000014bc        0xc /home/ygalanter/.pebble-sdk/SDKs/current/sdk-core/pebble/aplite/lib/libpebble.a(tmp7jpKUopebble.o)
                0x000014bc                connection_service_peek_pebble_app_connection
 .text.connection_service_subscribe
                0x000014c8        0xc /home/ygalanter/.pebble-sdk/SDKs/current/sdk-core/pebble/aplite/lib/libpebble.a(tmp7jpKUopebble.o)
                0x000014c8                connection_service_subscribe
 .text.connection_service_unsubscribe
                0x000014d4        0xc /home/ygalanter/.pebble-sdk/SDKs/current/sdk-core/pebble/aplite/lib/libpebble.a(tmp7jpKUopebble.o)
                0x000014d4                connection_service_unsubscribe
 *(.rodata)
 *(.rodata*)
 .rodata.handle_minute_tick.str1.1
                0x000014e0       0x11 src/c/flip_clock.c.57.o
 .rodata.main.str1.1
                0x000014f1        0x1 src/c/flip_clock.c.57.o
 .rodata.CSWTCH.9
                0x000014f1        0x5 src/c/gbitmat_tools.c.57.o
 .rodata.CSWTCH.7
                0x000014f6        0x3 src/c/gbitmat_tools.c.57.o

.glue_7         0x000014fc        0x0
 .glue_7        0x000014fc        0x0 linker stubs

.glue_7t        0x000014fc        0x0
 .glue_7t       0x000014fc        0x0 linker stubs

.vfp11_veneer   0x000014fc        0x0
 .vfp11_veneer  0x000014fc        0x0 linker stubs

.v4_bx          0x000014fc        0x0
 .v4_bx         0x000014fc        0x0 linker stubs

.init           0x000014fc        0x4
 .init          0x000014fc        0x4 /home/ygalanter/.pebble-sdk/SDKs/4.33.1/toolchain/arm-none-eabi/bin/../lib/gcc/arm-none-eabi/14.2.1/thumb/v7-m/nofp/crti.o
                0x000014fc                _init

.fini           0x00001500        0x4
 .fini          0x00001500        0x4 /home/ygalanter/.pebble-sdk/SDKs/4.33.1/toolchain/arm-none-eabi/bin/../lib/gcc/arm-none-eabi/14.2.1/thumb/v7-m/nofp/crti.o
                0x00001500                _fini

.iplt           0x00001504        0x0
 .iplt          0x00001504        0x0 src/c/flip_clock.c.57.o

.rel.dyn        0x00001504        0x0
 .rel.iplt      0x00001504        0x0 src/c/flip_clock.c.57.o
 .rel.got       0x00001504        0x0 src/c/flip_clock.c.57.o

.data           0x00001504       0xa4
 *(.data)
 .data          0x00001504        0x0 /home/ygalanter/.pebble-sdk/SDKs/4.33.1/toolchain/arm-none-eabi/bin/../lib/gcc/arm-none-eabi/14.2.1/thumb/v7-m/nofp/crti.o
 .data          0x00001504        0x0 /home/ygalanter/.pebble-sdk/SDKs/4.33.1/toolchain/arm-none-eabi/bin/../lib/gcc/arm-none-eabi/14.2.1/thumb/v7-m/nofp/crtbegin.o
 .data          0x00001504        0x0 /home/ygalanter/.pebble-sdk/SDKs/4.33.1/toolchain/arm-none-eabi/bin/../lib/gcc/arm-none-eabi/14.2.1/../../../../arm-none-eabi/lib/thumb/v7-m/nofp/crt0.o
 .data          0x00001504        0x0 src/c/flip_clock.c.57.o
 .data          0x00001504        0x0 src/c/flip_layer.c.57.o
 .data          0x00001504        0x0 src/c/flip_layer_extention.c.57.o
 .data          0x00001504        0x0 src/c/gbitmap_color_palette_manipulator.c.57.o
 .data          0x00001504        0x0 src/c/gbitmat_tools.c.57.o
 .data          0x00001504        0x0 aplite/appinfo.auto.c.57.o
 .data          0x00001504        0x0 aplite/src/resource_ids.auto.c.57.o
 .data          0x00001504        0x0 src/message_keys.auto.c.57.o
 .data          0x00001504        0x0 /home/ygalanter/.pebble-sdk/SDKs/current/sdk-core/pebble/aplite/lib/libpebble.a(tmp7jpKUopebble.o)
 .data          0x00001504        0x0 /home/ygalanter/.pebble-sdk/SDKs/4.33.1/toolchain/arm-none-eabi/bin/../lib/gcc/arm-none-eabi/14.2.1/../../../../arm-none-eabi/lib/thumb/v7-m/nofp/libc.a(libc_a-atexit.o)
 .data          0x00001504        0x0 /home/ygalanter/.pebble-sdk/SDKs/4.33.1/toolchain/arm-none-eabi/bin/../lib/gcc/arm-none-eabi/14.2.1/../../../../arm-none-eabi/lib/thumb/v7-m/nofp/libc.a(libc_a-exit.o)
 .data          0x00001504        0x0 /home/ygalanter/.pebble-sdk/SDKs/4.33.1/toolchain/arm-none-eabi/bin/../lib/gcc/arm-none-eabi/14.2.1/../../../../arm-none-eabi/lib/thumb/v7-m/nofp/libc.a(libc_a-findfp.o)
 .data          0x00001504        0x0 /home/ygalanter/.pebble-sdk/SDKs/4.33.1/toolchain/arm-none-eabi/bin/../lib/gcc/arm-none-eabi/14.2.1/../../../../arm-none-eabi/lib/thumb/v7-m/nofp/libc.a(libc_a-fwalk.o)
 .data          0x00001504        0x0 /home/ygalanter/.pebble-sdk/SDKs/4.33.1/toolchain/arm-none-eabi/bin/../lib/gcc/arm-none-eabi/14.2.1/../../../../arm-none-eabi/lib/thumb/v7-m/nofp/libc.a(libc_a-stdio.o)
 .data          0x00001504        0x0 /home/ygalanter/.pebble-sdk/SDKs/4.33.1/toolchain/arm-none-eabi/bin/../lib/gcc/arm-none-eabi/14.2.1/../../../../arm-none-eabi/lib/thumb/v7-m/nofp/libc.a(libc_a-closer.o)
 .data          0x00001504        0x0 /home/ygalanter/.pebble-sdk/SDKs/4.33.1/toolchain/arm-none-eabi/bin/../lib/gcc/arm-none-eabi/14.2.1/../../../../arm-none-eabi/lib/thumb/v7-m/nofp/libc.a(libc_a-reent.o)
 .data          0x00001504        0x0 /home/ygalanter/.pebble-sdk/SDKs/4.33.1/toolchain/arm-none-eabi/bin/../lib/gcc/arm-none-eabi/14.2.1/../../../../arm-none-eabi/lib/thumb/v7-m/nofp/libc.a(libc_a-impure.o)
 .data          0x00001504        0x0 /home/ygalanter/.pebble-sdk/SDKs/4.33.1/toolchain/arm-none-eabi/bin/../lib/gcc/arm-none-eabi/14.2.1/../../../../arm-none-eabi/lib/thumb/v7-m/nofp/libc.a(libc_a-lseekr.o)
 .data          0x00001504        0x0 /home/ygalanter/.pebble-sdk/SDKs/4.33.1/toolchain/arm-none-eabi/bin/../lib/gcc/arm-none-eabi/14.2.1/../../../../arm-none-eabi/lib/thumb/v7-m/nofp/libc.a(libc_a-readr.o)
 .data          0x00001504        0x0 /home/ygalanter/.pebble-sdk/SDKs/4.33.1/toolchain/arm-none-eabi/bin/../lib/gcc/arm-none-eabi/14.2.1/../../../../arm-none-eabi/lib/thumb/v7-m/nofp/libc.a(libc_a-writer.o)
 .data          0x00001504        0x0 /home/ygalanter/.pebble-sdk/SDKs/4.33.1/toolchain/arm-none-eabi/bin/../lib/gcc/arm-none-eabi/14.2.1/../../../../arm-none-eabi/lib/thumb/v7-m/nofp/libc.a(libc_a-init.o)
 .data          0x00001504        0x0 /home/ygalanter/.pebble-sdk/SDKs/4.33.1/toolchain/arm-none-eabi/bin/../lib/gcc/arm-none-eabi/14.2.1/../../../../arm-none-eabi/lib/thumb/v7-m/nofp/libc.a(libc_a-fini.o)
 .data          0x00001504        0x0 /home/ygalanter/.pebble-sdk/SDKs/4.33.1/toolchain/arm-none-eabi/bin/../lib/gcc/arm-none-eabi/14.2.1/../../../../arm-none-eabi/lib/thumb/v7-m/nofp/libc.a(libc_a-lock.o)
 .data          0x00001504        0x0 /home/ygalanter/.pebble-sdk/SDKs/4.33.1/toolchain/arm-none-eabi/bin/../lib/gcc/arm-none-eabi/14.2.1/../../../../arm-none-eabi/lib/thumb/v7-m/nofp/libc.a(libc_a-__atexit.o)
 .data          0x00001504        0x0 /home/ygalanter/.pebble-sdk/SDKs/4.33.1/toolchain/arm-none-eabi/bin/../lib/gcc/arm-none-eabi/14.2.1/../../../../arm-none-eabi/lib/thumb/v7-m/nofp/libc.a(libc_a-__call_atexit.o)
 .data          0x00001504        0x0 /home/ygalanter/.pebble-sdk/SDKs/4.33.1/toolchain/arm-none-eabi/bin/../lib/gcc/arm-none-eabi/14.2.1/../../../../arm-none-eabi/lib/thumb/v7-m/nofp/libc.a(libc_a-freer.o)
 .data          0x00001504        0x0 /home/ygalanter/.pebble-sdk/SDKs/4.33.1/toolchain/arm-none-eabi/bin/../lib/gcc/arm-none-eabi/14.2.1/../../../../arm-none-eabi/lib/thumb/v7-m/nofp/libc.a(libc_a-mallocr.o)
 .data          0x00001504        0x0 /home/ygalanter/.pebble-sdk/SDKs/4.33.1/toolchain/arm-none-eabi/bin/../lib/gcc/arm-none-eabi/14.2.1/../../../../arm-none-eabi/lib/thumb/v7-m/nofp/libc.a(libc_a-mlock.o)
 .data          0x00001504        0x0 /home/ygalanter/.pebble-sdk/SDKs/4.33.1/toolchain/arm-none-eabi/bin/../lib/gcc/arm-none-eabi/14.2.1/../../../../arm-none-eabi/lib/thumb/v7-m/nofp/libc.a(libc_a-fclose.o)
 .data          0x00001504        0x0 /home/ygalanter/.pebble-sdk/SDKs/4.33.1/toolchain/arm-none-eabi/bin/../lib/gcc/arm-none-eabi/14.2.1/../../../../arm-none-eabi/lib/thumb/v7-m/nofp/libc.a(libc_a-fflush.o)
 .data          0x00001504        0x0 /home/ygalanter/.pebble-sdk/SDKs/4.33.1/toolchain/arm-none-eabi/bin/../lib/gcc/arm-none-eabi/14.2.1/../../../../arm-none-eabi/lib/thumb/v7-m/nofp/libc.a(libc_a-sbrkr.o)
 .data          0x00001504        0x0 /home/ygalanter/.pebble-sdk/SDKs/4.33.1/toolchain/arm-none-eabi/bin/../lib/gcc/arm-none-eabi/14.2.1/../../../../arm-none-eabi/lib/thumb/v7-m/nofp/libc.a(libc_a-sysconf.o)
 .data          0x00001504        0x0 /home/ygalanter/.pebble-sdk/SDKs/4.33.1/toolchain/arm-none-eabi/bin/../lib/gcc/arm-none-eabi/14.2.1/../../../../arm-none-eabi/lib/thumb/v7-m/nofp/libc.a(libc_a-errno.o)
 .data          0x00001504        0x0 /home/ygalanter/.pebble-sdk/SDKs/4.33.1/toolchain/arm-none-eabi/bin/../lib/gcc/arm-none-eabi/14.2.1/thumb/v7-m/nofp/crtend.o
 .data          0x00001504        0x0 /home/ygalanter/.pebble-sdk/SDKs/4.33.1/toolchain/arm-none-eabi/bin/../lib/gcc/arm-none-eabi/14.2.1/thumb/v7-m/nofp/crtn.o
 *(.data.*)
 .data.buffer_dow
                0x00001504       0x10 src/c/flip_clock.c.57.o
 .data.buffer_date
                0x00001514       0x10 src/c/flip_clock.c.57.o
 .data.NUMBER_IMAGE_RESOURCE_DOWN_IDS
                0x00001524       0x28 src/c/flip_clock.c.57.o
                0x00001524                NUMBER_IMAGE_RESOURCE_DOWN_IDS
 .data.NUMBER_IMAGE_RESOURCE_UP_IDS
                0x0000154c       0x28 src/c/flip_clock.c.57.o
                0x0000154c                NUMBER_IMAGE_RESOURCE_UP_IDS
 .data.rel.ro.local.implementation.0
                0x00001574        0xc src/c/flip_layer.c.57.o
 .data.rel.ro.local.implementation.1
                0x00001580        0xc src/c/flip_layer.c.57.o
 .data.MESSAGE_KEY_SWAP_DATE_DOW
                0x0000158c        0x4 src/message_keys.auto.c.57.o
                0x0000158c                MESSAGE_KEY_SWAP_DATE_DOW
 .data.MESSAGE_KEY_SHOW_BATTERY
                0x00001590        0x4 src/message_keys.auto.c.57.o
                0x00001590                MESSAGE_KEY_SHOW_BATTERY
 .data.MESSAGE_KEY_ENABLE_BT_NOTIF
                0x00001594        0x4 src/message_keys.auto.c.57.o
                0x00001594                MESSAGE_KEY_ENABLE_BT_NOTIF
 .data.MESSAGE_KEY_COLOR_TIME_BG
                0x00001598        0x4 src/message_keys.auto.c.57.o
                0x00001598                MESSAGE_KEY_COLOR_TIME_BG
 .data.MESSAGE_KEY_COLOR_TIME
                0x0000159c        0x4 src/message_keys.auto.c.57.o
                0x0000159c                MESSAGE_KEY_COLOR_TIME
 .data.MESSAGE_KEY_COLOR_DATE
                0x000015a0        0x4 src/message_keys.auto.c.57.o
                0x000015a0                MESSAGE_KEY_COLOR_DATE
 .data.MESSAGE_KEY_COLOR_BG
                0x000015a4        0x4 src/message_keys.auto.c.57.o
                0x000015a4                MESSAGE_KEY_COLOR_BG

.igot.plt       0x000015a8        0x0
 .igot.plt      0x000015a8        0x0 src/c/flip_clock.c.57.o

.got            0x000015a8       0x40
 .got           0x000015a8       0x40 src/c/flip_clock.c.57.o

.got.plt        0x000015e8        0xc
 .got.plt       0x000015e8        0xc src/c/flip_clock.c.57.o
                0x000015e8                _GLOBAL_OFFSET_TABLE_

.bss            0x000015f4       0x3c
 *(.bss)
 *(.bss.*)
 .bss.bounds    0x000015f4        0x8 src/c/flip_clock.c.57.o
 .bss.bluetoothLayer
                0x000015fc        0x4 src/c/flip_clock.c.57.o
 .bss.batteryLayer
                0x00001600        0x4 src/c/flip_clock.c.57.o
 .bss.text_layer_dow
                0x00001604        0x4 src/c/flip_clock.c.57.o
 .bss.text_layer_date
                0x00001608        0x4 src/c/flip_clock.c.57.o
 .bss.layer     0x0000160c       0x10 src/c/flip_clock.c.57.o
 .bss.window    0x0000161c        0x4 src/c/flip_clock.c.57.o
 COMMON         0x00001620       0x10 src/c/flip_clock.c.57.o
                0x00001620                digit_back
                0x00001621                color_date
                0x00001622                color_back
                0x00001623                color_battery
                0x00001624                color_dow
                0x00001625                color_bluetooth
                0x00001626                digit_img
                0x00001628                DoWYcoord
                0x0000162c                DateYcoord

DISCARD
 libc.a(*)
 libm.a(*)
 libgcc.a(*)
 *(.eh_frame)
OUTPUT(/home/ygalanter/Documents/Github/BIG_FLIP_CLOCK/build/aplite/pebble-app.elf elf32-littlearm)
LOAD linker stubs
LOAD /home/ygalanter/.pebble-sdk/SDKs/4.33.1/toolchain/arm-none-eabi/bin/../lib/gcc/arm-none-eabi/14.2.1/../../../../arm-none-eabi/lib/thumb/v7-m/nofp/libc.a
LOAD /home/ygalanter/.pebble-sdk/SDKs/4.33.1/toolchain/arm-none-eabi/bin/../lib/gcc/arm-none-eabi/14.2.1/../../../../arm-none-eabi/lib/thumb/v7-m/nofp/libm.a
LOAD /home/ygalanter/.pebble-sdk/SDKs/4.33.1/toolchain/arm-none-eabi/bin/../lib/gcc/arm-none-eabi/14.2.1/thumb/v7-m/nofp/libgcc.a

.ARM.attributes
                0x00000000       0x29
 .ARM.attributes
                0x00000000       0x1d /home/ygalanter/.pebble-sdk/SDKs/4.33.1/toolchain/arm-none-eabi/bin/../lib/gcc/arm-none-eabi/14.2.1/thumb/v7-m/nofp/crti.o
 .ARM.attributes
                0x0000001d       0x2d /home/ygalanter/.pebble-sdk/SDKs/4.33.1/toolchain/arm-none-eabi/bin/../lib/gcc/arm-none-eabi/14.2.1/thumb/v7-m/nofp/crtbegin.o
 .ARM.attributes
                0x0000004a       0x1b /home/ygalanter/.pebble-sdk/SDKs/4.33.1/toolchain/arm-none-eabi/bin/../lib/gcc/arm-none-eabi/14.2.1/../../../../arm-none-eabi/lib/thumb/v7-m/nofp/crt0.o
 .ARM.attributes
                0x00000065       0x2d src/c/flip_clock.c.57.o
 .ARM.attributes
                0x00000092       0x2d src/c/flip_layer.c.57.o
 .ARM.attributes
                0x000000bf       0x2d src/c/flip_layer_extention.c.57.o
 .ARM.attributes
                0x000000ec       0x2d src/c/gbitmap_color_palette_manipulator.c.57.o
 .ARM.attributes
                0x00000119       0x2d src/c/gbitmat_tools.c.57.o
 .ARM.attributes
                0x00000146       0x2d aplite/appinfo.auto.c.57.o
 .ARM.attributes
                0x00000173       0x2d aplite/src/resource_ids.auto.c.57.o
 .ARM.attributes
                0x000001a0       0x2d src/message_keys.auto.c.57.o
 .ARM.attributes
                0x000001cd       0x21 /home/ygalanter/.pebble-sdk/SDKs/current/sdk-core/pebble/aplite/lib/libpebble.a(tmp7jpKUopebble.o)
 .ARM.attributes
                0x000001ee       0x2d /home/ygalanter/.pebble-sdk/SDKs/4.33.1/toolchain/arm-none-eabi/bin/../lib/gcc/arm-none-eabi/14.2.1/../../../../arm-none-eabi/lib/thumb/v7-m/nofp/libc.a(libc_a-atexit.o)
 .ARM.attributes
                0x0000021b       0x2d /home/ygalanter/.pebble-sdk/SDKs/4.33.1/toolchain/arm-none-eabi/bin/../lib/gcc/arm-none-eabi/14.2.1/../../../../arm-none-eabi/lib/thumb/v7-m/nofp/libc.a(libc_a-exit.o)
 .ARM.attributes
                0x00000248       0x2d /home/ygalanter/.pebble-sdk/SDKs/4.33.1/toolchain/arm-none-eabi/bin/../lib/gcc/arm-none-eabi/14.2.1/../../../../arm-none-eabi/lib/thumb/v7-m/nofp/libc.a(libc_a-findfp.o)
 .ARM.attributes
                0x00000275       0x2d /home/ygalanter/.pebble-sdk/SDKs/4.33.1/toolchain/arm-none-eabi/bin/../lib/gcc/arm-none-eabi/14.2.1/../../../../arm-none-eabi/lib/thumb/v7-m/nofp/libc.a(libc_a-fwalk.o)
 .ARM.attributes
                0x000002a2       0x2d /home/ygalanter/.pebble-sdk/SDKs/4.33.1/toolchain/arm-none-eabi/bin/../lib/gcc/arm-none-eabi/14.2.1/../../../../arm-none-eabi/lib/thumb/v7-m/nofp/libc.a(libc_a-stdio.o)
 .ARM.attributes
                0x000002cf       0x2d /home/ygalanter/.pebble-sdk/SDKs/4.33.1/toolchain/arm-none-eabi/bin/../lib/gcc/arm-none-eabi/14.2.1/../../../../arm-none-eabi/lib/thumb/v7-m/nofp/libc.a(libc_a-closer.o)
 .ARM.attributes
                0x000002fc       0x2d /home/ygalanter/.pebble-sdk/SDKs/4.33.1/toolchain/arm-none-eabi/bin/../lib/gcc/arm-none-eabi/14.2.1/../../../../arm-none-eabi/lib/thumb/v7-m/nofp/libc.a(libc_a-reent.o)
 .ARM.attributes
                0x00000329       0x2d /home/ygalanter/.pebble-sdk/SDKs/4.33.1/toolchain/arm-none-eabi/bin/../lib/gcc/arm-none-eabi/14.2.1/../../../../arm-none-eabi/lib/thumb/v7-m/nofp/libc.a(libc_a-impure.o)
 .ARM.attributes
                0x00000356       0x2d /home/ygalanter/.pebble-sdk/SDKs/4.33.1/toolchain/arm-none-eabi/bin/../lib/gcc/arm-none-eabi/14.2.1/../../../../arm-none-eabi/lib/thumb/v7-m/nofp/libc.a(libc_a-lseekr.o)
 .ARM.attributes
                0x00000383       0x2d /home/ygalanter/.pebble-sdk/SDKs/4.33.1/toolchain/arm-none-eabi/bin/../lib/gcc/arm-none-eabi/14.2.1/../../../../arm-none-eabi/lib/thumb/v7-m/nofp/libc.a(libc_a-readr.o)
 .ARM.attributes
                0x000003b0       0x2d /home/ygalanter/.pebble-sdk/SDKs/4.33.1/toolchain/arm-none-eabi/bin/../lib/gcc/arm-none-eabi/14.2.1/../../../../arm-none-eabi/lib/thumb/v7-m/nofp/libc.a(libc_a-writer.o)
 .ARM.attributes
                0x000003dd       0x2d /home/ygalanter/.pebble-sdk/SDKs/4.33.1/toolchain/arm-none-eabi/bin/../lib/gcc/arm-none-eabi/14.2.1/../../../../arm-none-eabi/lib/thumb/v7-m/nofp/libc.a(libc_a-init.o)
 .ARM.attributes
                0x0000040a       0x2d /home/ygalanter/.pebble-sdk/SDKs/4.33.1/toolchain/arm-none-eabi/bin/../lib/gcc/arm-none-eabi/14.2.1/../../../../arm-none-eabi/lib/thumb/v7-m/nofp/libc.a(libc_a-fini.o)
 .ARM.attributes
                0x00000437       0x2d /home/ygalanter/.pebble-sdk/SDKs/4.33.1/toolchain/arm-none-eabi/bin/../lib/gcc/arm-none-eabi/14.2.1/../../../../arm-none-eabi/lib/thumb/v7-m/nofp/libc.a(libc_a-lock.o)
 .ARM.attributes
                0x00000464       0x2d /home/ygalanter/.pebble-sdk/SDKs/4.33.1/toolchain/arm-none-eabi/bin/../lib/gcc/arm-none-eabi/14.2.1/../../../../arm-none-eabi/lib/thumb/v7-m/nofp/libc.a(libc_a-__atexit.o)
 .ARM.attributes
                0x00000491       0x2d /home/ygalanter/.pebble-sdk/SDKs/4.33.1/toolchain/arm-none-eabi/bin/../lib/gcc/arm-none-eabi/14.2.1/../../../../arm-none-eabi/lib/thumb/v7-m/nofp/libc.a(libc_a-__call_atexit.o)
 .ARM.attributes
                0x000004be       0x2d /home/ygalanter/.pebble-sdk/SDKs/4.33.1/toolchain/arm-none-eabi/bin/../lib/gcc/arm-none-eabi/14.2.1/../../../../arm-none-eabi/lib/thumb/v7-m/nofp/libc.a(libc_a-freer.o)
 .ARM.attributes
                0x000004eb       0x2d /home/ygalanter/.pebble-sdk/SDKs/4.33.1/toolchain/arm-none-eabi/bin/../lib/gcc/arm-none-eabi/14.2.1/../../../../arm-none-eabi/lib/thumb/v7-m/nofp/libc.a(libc_a-mallocr.o)
 .ARM.attributes
                0x00000518       0x2d /home/ygalanter/.pebble-sdk/SDKs/4.33.1/toolchain/arm-none-eabi/bin/../lib/gcc/arm-none-eabi/14.2.1/../../../../arm-none-eabi/lib/thumb/v7-m/nofp/libc.a(libc_a-mlock.o)
 .ARM.attributes
                0x00000545       0x2d /home/ygalanter/.pebble-sdk/SDKs/4.33.1/toolchain/arm-none-eabi/bin/../lib/gcc/arm-none-eabi/14.2.1/../../../../arm-none-eabi/lib/thumb/v7-m/nofp/libc.a(libc_a-fclose.o)
 .ARM.attributes
                0x00000572       0x2d /home/ygalanter/.pebble-sdk/SDKs/4.33.1/toolchain/arm-none-eabi/bin/../lib/gcc/arm-none-eabi/14.2.1/../../../../arm-none-eabi/lib/thumb/v7-m/nofp/libc.a(libc_a-fflush.o)
 .ARM.attributes
                0x0000059f       0x2d /home/ygalanter/.pebble-sdk/SDKs/4.33.1/toolchain/arm-none-eabi/bin/../lib/gcc/arm-none-eabi/14.2.1/../../../../arm-none-eabi/lib/thumb/v7-m/nofp/libc.a(libc_a-sbrkr.o)
 .ARM.attributes
                0x000005cc       0x2d /home/ygalanter/.pebble-sdk/SDKs/4.33.1/toolchain/arm-none-eabi/bin/../lib/gcc/arm-none-eabi/14.2.1/../../../../arm-none-eabi/lib/thumb/v7-m/nofp/libc.a(libc_a-sysconf.o)
 .ARM.attributes
                0x000005f9       0x2d /home/ygalanter/.pebble-sdk/SDKs/4.33.1/toolchain/arm-none-eabi/bin/../lib/gcc/arm-none-eabi/14.2.1/../../../../arm-none-eabi/lib/thumb/v7-m/nofp/libc.a(libc_a-errno.o)
 .ARM.attributes
                0x00000626       0x2d /home/ygalanter/.pebble-sdk/SDKs/4.33.1/toolchain/arm-none-eabi/bin/../lib/gcc/arm-none-eabi/14.2.1/thumb/v7-m/nofp/crtend.o
 .ARM.attributes
                0x00000653       0x1d /home/ygalanter/.pebble-sdk/SDKs/4.33.1/toolchain/arm-none-eabi/bin/../lib/gcc/arm-none-eabi/14.2.1/thumb/v7-m/nofp/crtn.o

.comment        0x00000000       0x39
 .comment       0x00000000       0x39 /home/ygalanter/.pebble-sdk/SDKs/4.33.1/toolchain/arm-none-eabi/bin/../lib/gcc/arm-none-eabi/14.2.1/thumb/v7-m/nofp/crtbegin.o
                                 0x3a (size before relaxing)
 .comment       0x00000039       0x3a src/c/flip_clock.c.57.o
 .comment       0x00000039       0x3a src/c/flip_layer.c.57.o
 .comment       0x00000039       0x3a src/c/flip_layer_extention.c.57.o
 .comment       0x00000039       0x3a src/c/gbitmap_color_palette_manipulator.c.57.o
 .comment       0x00000039       0x3a src/c/gbitmat_tools.c.57.o
 .comment       0x00000039       0x3a aplite/appinfo.auto.c.57.o
 .comment       0x00000039       0x3a aplite/src/resource_ids.auto.c.57.o
 .comment       0x00000039       0x3a src/message_keys.auto.c.57.o
 .comment       0x00000039       0x3a /home/ygalanter/.pebble-sdk/SDKs/4.33.1/toolchain/arm-none-eabi/bin/../lib/gcc/arm-none-eabi/14.2.1/../../../../arm-none-eabi/lib/thumb/v7-m/nofp/libc.a(libc_a-atexit.o)
 .comment       0x00000039       0x3a /home/ygalanter/.pebble-sdk/SDKs/4.33.1/toolchain/arm-none-eabi/bin/../lib/gcc/arm-none-eabi/14.2.1/../../../../arm-none-eabi/lib/thumb/v7-m/nofp/libc.a(libc_a-exit.o)
 .comment       0x00000039       0x3a /home/ygalanter/.pebble-sdk/SDKs/4.33.1/toolchain/arm-none-eabi/bin/../lib/gcc/arm-none-eabi/14.2.1/../../../../arm-none-eabi/lib/thumb/v7-m/nofp/libc.a(libc_a-findfp.o)
 .comment       0x00000039       0x3a /home/ygalanter/.pebble-sdk/SDKs/4.33.1/toolchain/arm-none-eabi/bin/../lib/gcc/arm-none-eabi/14.2.1/../../../../arm-none-eabi/lib/thumb/v7-m/nofp/libc.a(libc_a-fwalk.o)
 .comment       0x00000039       0x3a /home/ygalanter/.pebble-sdk/SDKs/4.33.1/toolchain/arm-none-eabi/bin/../lib/gcc/arm-none-eabi/14.2.1/../../../../arm-none-eabi/lib/thumb/v7-m/nofp/libc.a(libc_a-stdio.o)
 .comment       0x00000039       0x3a /home/ygalanter/.pebble-sdk/SDKs/4.33.1/toolchain/arm-none-eabi/bin/../lib/gcc/arm-none-eabi/14.2.1/../../../../arm-none-eabi/lib/thumb/v7-m/nofp/libc.a(libc_a-closer.o)
 .comment       0x00000039       0x3a /home/ygalanter/.pebble-sdk/SDKs/4.33.1/toolchain/arm-none-eabi/bin/../lib/gcc/arm-none-eabi/14.2.1/../../../../arm-none-eabi/lib/thumb/v7-m/nofp/libc.a(libc_a-reent.o)
 .comment       0x00000039       0x3a /home/ygalanter/.pebble-sdk/SDKs/4.33.1/toolchain/arm-none-eabi/bin/../lib/gcc/arm-none-eabi/14.2.1/../../../../arm-none-eabi/lib/thumb/v7-m/nofp/libc.a(libc_a-impure.o)
 .comment       0x00000039       0x3a /home/ygalanter/.pebble-sdk/SDKs/4.33.1/toolchain/arm-none-eabi/bin/../lib/gcc/arm-none-eabi/14.2.1/../../../../arm-none-eabi/lib/thumb/v7-m/nofp/libc.a(libc_a-lseekr.o)
 .comment       0x00000039       0x3a /home/ygalanter/.pebble-sdk/SDKs/4.33.1/toolchain/arm-none-eabi/bin/../lib/gcc/arm-none-eabi/14.2.1/../../../../arm-none-eabi/lib/thumb/v7-m/nofp/libc.a(libc_a-readr.o)
 .comment       0x00000039       0x3a /home/ygalanter/.pebble-sdk/SDKs/4.33.1/toolchain/arm-none-eabi/bin/../lib/gcc/arm-none-eabi/14.2.1/../../../../arm-none-eabi/lib/thumb/v7-m/nofp/libc.a(libc_a-writer.o)
 .comment       0x00000039       0x3a /home/ygalanter/.pebble-sdk/SDKs/4.33.1/toolchain/arm-none-eabi/bin/../lib/gcc/arm-none-eabi/14.2.1/../../../../arm-none-eabi/lib/thumb/v7-m/nofp/libc.a(libc_a-init.o)
 .comment       0x00000039       0x3a /home/ygalanter/.pebble-sdk/SDKs/4.33.1/toolchain/arm-none-eabi/bin/../lib/gcc/arm-none-eabi/14.2.1/../../../../arm-none-eabi/lib/thumb/v7-m/nofp/libc.a(libc_a-fini.o)
 .comment       0x00000039       0x3a /home/ygalanter/.pebble-sdk/SDKs/4.33.1/toolchain/arm-none-eabi/bin/../lib/gcc/arm-none-eabi/14.2.1/../../../../arm-none-eabi/lib/thumb/v7-m/nofp/libc.a(libc_a-lock.o)
 .comment       0x00000039       0x3a /home/ygalanter/.pebble-sdk/SDKs/4.33.1/toolchain/arm-none-eabi/bin/../lib/gcc/arm-none-eabi/14.2.1/../../../../arm-none-eabi/lib/thumb/v7-m/nofp/libc.a(libc_a-__atexit.o)
 .comment       0x00000039       0x3a /home/ygalanter/.pebble-sdk/SDKs/4.33.1/toolchain/arm-none-eabi/bin/../lib/gcc/arm-none-eabi/14.2.1/../../../../arm-none-eabi/lib/thumb/v7-m/nofp/libc.a(libc_a-__call_atexit.o)
 .comment       0x00000039       0x3a /home/ygalanter/.pebble-sdk/SDKs/4.33.1/toolchain/arm-none-eabi/bin/../lib/gcc/arm-none-eabi/14.2.1/../../../../arm-none-eabi/lib/thumb/v7-m/nofp/libc.a(libc_a-freer.o)
 .comment       0x00000039       0x3a /home/ygalanter/.pebble-sdk/SDKs/4.33.1/toolchain/arm-none-eabi/bin/../lib/gcc/arm-none-eabi/14.2.1/../../../../arm-none-eabi/lib/thumb/v7-m/nofp/libc.a(libc_a-mallocr.o)
 .comment       0x00000039       0x3a /home/ygalanter/.pebble-sdk/SDKs/4.33.1/toolchain/arm-none-eabi/bin/../lib/gcc/arm-none-eabi/14.2.1/../../../../arm-none-eabi/lib/thumb/v7-m/nofp/libc.a(libc_a-mlock.o)
 .comment       0x00000039       0x3a /home/ygalanter/.pebble-sdk/SDKs/4.33.1/toolchain/arm-none-eabi/bin/../lib/gcc/arm-none-eabi/14.2.1/../../../../arm-none-eabi/lib/thumb/v7-m/nofp/libc.a(libc_a-fclose.o)
 .comment       0x00000039       0x3a /home/ygalanter/.pebble-sdk/SDKs/4.33.1/toolchain/arm-none-eabi/bin/../lib/gcc/arm-none-eabi/14.2.1/../../../../arm-none-eabi/lib/thumb/v7-m/nofp/libc.a(libc_a-fflush.o)
 .comment       0x00000039       0x3a /home/ygalanter/.pebble-sdk/SDKs/4.33.1/toolchain/arm-none-eabi/bin/../lib/gcc/arm-none-eabi/14.2.1/../../../../arm-none-eabi/lib/thumb/v7-m/nofp/libc.a(libc_a-sbrkr.o)
 .comment       0x00000039       0x3a /home/ygalanter/.pebble-sdk/SDKs/4.33.1/toolchain/arm-none-eabi/bin/../lib/gcc/arm-none-eabi/14.2.1/../../../../arm-none-eabi/lib/thumb/v7-m/nofp/libc.a(libc_a-sysconf.o)
 .comment       0x00000039       0x3a /home/ygalanter/.pebble-sdk/SDKs/4.33.1/toolchain/arm-none-eabi/bin/../lib/gcc/arm-none-eabi/14.2.1/../../../../arm-none-eabi/lib/thumb/v7-m/nofp/libc.a(libc_a-errno.o)
 .comment       0x00000039       0x3a /home/ygalanter/.pebble-sdk/SDKs/4.33.1/toolchain/arm-none-eabi/bin/../lib/gcc/arm-none-eabi/14.2.1/thumb/v7-m/nofp/crtend.o

.debug_info     0x00000000     0x3abc
 .debug_info    0x00000000     0x1ca8 src/c/flip_clock.c.57.o
 .debug_info    0x00001ca8      0xe8c src/c/flip_layer.c.57.o
 .debug_info    0x00002b34       0x73 src/c/flip_layer_extention.c.57.o
 .debug_info    0x00002ba7       0x73 src/c/gbitmap_color_palette_manipulator.c.57.o
 .debug_info    0x00002c1a      0x88a src/c/gbitmat_tools.c.57.o
 .debug_info    0x000034a4      0x33e aplite/appinfo.auto.c.57.o
 .debug_info    0x000037e2      0x1ed aplite/src/resource_ids.auto.c.57.o
 .debug_info    0x000039cf       0xed src/message_keys.auto.c.57.o

.debug_abbrev   0x00000000      0xc29
 .debug_abbrev  0x00000000      0x4ef src/c/flip_clock.c.57.o
 .debug_abbrev  0x000004ef      0x2e5 src/c/flip_layer.c.57.o
 .debug_abbrev  0x000007d4       0x26 src/c/flip_layer_extention.c.57.o
 .debug_abbrev  0x000007fa       0x26 src/c/gbitmap_color_palette_manipulator.c.57.o
 .debug_abbrev  0x00000820      0x2bc src/c/gbitmat_tools.c.57.o
 .debug_abbrev  0x00000adc       0xb9 aplite/appinfo.auto.c.57.o
 .debug_abbrev  0x00000b95       0x4a aplite/src/resource_ids.auto.c.57.o
 .debug_abbrev  0x00000bdf       0x4a src/message_keys.auto.c.57.o

.debug_loclists
                0x00000000     0x1081
 .debug_loclists
                0x00000000      0x5fb src/c/flip_clock.c.57.o
 .debug_loclists
                0x000005fb      0x535 src/c/flip_layer.c.57.o
 .debug_loclists
                0x00000b30      0x551 src/c/gbitmat_tools.c.57.o

.debug_aranges  0x00000000      0x180
 .debug_aranges
                0x00000000       0x80 src/c/flip_clock.c.57.o
 .debug_aranges
                0x00000080       0x68 src/c/flip_layer.c.57.o
 .debug_aranges
                0x000000e8       0x18 src/c/flip_layer_extention.c.57.o
 .debug_aranges
                0x00000100       0x18 src/c/gbitmap_color_palette_manipulator.c.57.o
 .debug_aranges
                0x00000118       0x20 src/c/gbitmat_tools.c.57.o
 .debug_aranges
                0x00000138       0x18 aplite/appinfo.auto.c.57.o
 .debug_aranges
                0x00000150       0x18 aplite/src/resource_ids.auto.c.57.o
 .debug_aranges
                0x00000168       0x18 src/message_keys.auto.c.57.o

.debug_rnglists
                0x00000000      0x1a4
 .debug_rnglists
                0x00000000      0x104 src/c/flip_clock.c.57.o
 .debug_rnglists
                0x00000104       0x59 src/c/flip_layer.c.57.o
 .debug_rnglists
                0x0000015d       0x47 src/c/gbitmat_tools.c.57.o

.debug_line     0x00000000     0x1da4
 .debug_line    0x00000000      0xc59 src/c/flip_clock.c.57.o
 .debug_line    0x00000c59      0x841 src/c/flip_layer.c.57.o
 .debug_line    0x0000149a       0x40 src/c/flip_layer_extention.c.57.o
 .debug_line    0x000014da       0x4d src/c/gbitmap_color_palette_manipulator.c.57.o
 .debug_line    0x00001527      0x4e8 src/c/gbitmat_tools.c.57.o
 .debug_line    0x00001a0f      0x16c aplite/appinfo.auto.c.57.o
 .debug_line    0x00001b7b      0x118 aplite/src/resource_ids.auto.c.57.o
 .debug_line    0x00001c93      0x111 src/message_keys.auto.c.57.o

.debug_str      0x00000000     0x19e7
 .debug_str     0x00000000     0x19e7 src/c/flip_clock.c.57.o
                               0x1024 (size before relaxing)
 .debug_str     0x000019e7      0x7b1 src/c/flip_layer.c.57.o
 .debug_str     0x000019e7      0x178 src/c/flip_layer_extention.c.57.o
 .debug_str     0x000019e7      0x185 src/c/gbitmap_color_palette_manipulator.c.57.o
 .debug_str     0x000019e7      0x49a src/c/gbitmat_tools.c.57.o
 .debug_str     0x000019e7      0x4d8 aplite/appinfo.auto.c.57.o
 .debug_str     0x000019e7      0x3bb aplite/src/resource_ids.auto.c.57.o
 .debug_str     0x000019e7      0x225 src/message_keys.auto.c.57.o

.debug_frame    0x00000000      0x380
 .debug_frame   0x00000000      0x1f8 src/c/flip_clock.c.57.o
 .debug_frame   0x000001f8      0x148 src/c/flip_layer.c.57.o
 .debug_frame   0x00000340       0x40 src/c/gbitmat_tools.c.57.o
